<?xml version="1.0"?>
<link_info>
   <banner>TMS320C2000 Linker PC v5.1.5</banner>
   <copyright>Copyright (c) 1996-2009 Texas Instruments Incorporated</copyright>
   <link_time>0x5f704035</link_time>
   <output_file>PMSM.out</output_file>
   <entry_point>
      <name>_c_int00</name>
      <address>0x3f128a</address>
   </entry_point>
   <input_file_list>
      <input_file id="fl-2">
         <path>.\src\</path>
         <kind>object</kind>
         <file>weakcrtLoop.obj</file>
         <name>weakcrtLoop.obj</name>
      </input_file>
      <input_file id="fl-3">
         <path>.\src\</path>
         <kind>object</kind>
         <file>voltLoop.obj</file>
         <name>voltLoop.obj</name>
      </input_file>
      <input_file id="fl-4">
         <path>.\src\</path>
         <kind>object</kind>
         <file>vdqLmt.obj</file>
         <name>vdqLmt.obj</name>
      </input_file>
      <input_file id="fl-5">
         <path>.\src\</path>
         <kind>object</kind>
         <file>variableInit.obj</file>
         <name>variableInit.obj</name>
      </input_file>
      <input_file id="fl-6">
         <path>.\src\</path>
         <kind>object</kind>
         <file>trqtable.obj</file>
         <name>trqtable.obj</name>
      </input_file>
      <input_file id="fl-7">
         <path>.\src\</path>
         <kind>object</kind>
         <file>trqLoop.obj</file>
         <name>trqLoop.obj</name>
      </input_file>
      <input_file id="fl-8">
         <path>.\src\</path>
         <kind>object</kind>
         <file>trqLmt.obj</file>
         <name>trqLmt.obj</name>
      </input_file>
      <input_file id="fl-9">
         <path>.\src\</path>
         <kind>object</kind>
         <file>task.obj</file>
         <name>task.obj</name>
      </input_file>
      <input_file id="fl-a">
         <path>.\src\</path>
         <kind>object</kind>
         <file>sysctrlFun.obj</file>
         <name>sysctrlFun.obj</name>
      </input_file>
      <input_file id="fl-b">
         <path>.\src\</path>
         <kind>object</kind>
         <file>sysInit.obj</file>
         <name>sysInit.obj</name>
      </input_file>
      <input_file id="fl-c">
         <path>.\src\</path>
         <kind>object</kind>
         <file>sysFSM.obj</file>
         <name>sysFSM.obj</name>
      </input_file>
      <input_file id="fl-d">
         <path>.\src\</path>
         <kind>object</kind>
         <file>sysConfig.obj</file>
         <name>sysConfig.obj</name>
      </input_file>
      <input_file id="fl-e">
         <path>.\src\</path>
         <kind>object</kind>
         <file>spdLoop.obj</file>
         <name>spdLoop.obj</name>
      </input_file>
      <input_file id="fl-f">
         <path>.\src\</path>
         <kind>object</kind>
         <file>pid_reg3.obj</file>
         <name>pid_reg3.obj</name>
      </input_file>
      <input_file id="fl-10">
         <path>.\src\</path>
         <kind>object</kind>
         <file>peripheral.obj</file>
         <name>peripheral.obj</name>
      </input_file>
      <input_file id="fl-11">
         <path>.\src\</path>
         <kind>object</kind>
         <file>oscview.obj</file>
         <name>oscview.obj</name>
      </input_file>
      <input_file id="fl-12">
         <path>.\src\</path>
         <kind>object</kind>
         <file>mtrfwd.obj</file>
         <name>mtrfwd.obj</name>
      </input_file>
      <input_file id="fl-13">
         <path>.\src\</path>
         <kind>object</kind>
         <file>mtr_learnrs.obj</file>
         <name>mtr_learnrs.obj</name>
      </input_file>
      <input_file id="fl-14">
         <path>.\src\</path>
         <kind>object</kind>
         <file>mtr_learnoffset.obj</file>
         <name>mtr_learnoffset.obj</name>
      </input_file>
      <input_file id="fl-15">
         <path>.\src\</path>
         <kind>object</kind>
         <file>mtr_learninitposition.obj</file>
         <name>mtr_learninitposition.obj</name>
      </input_file>
      <input_file id="fl-16">
         <path>.\src\</path>
         <kind>object</kind>
         <file>mtr_learnfluex.obj</file>
         <name>mtr_learnfluex.obj</name>
      </input_file>
      <input_file id="fl-17">
         <path>.\src\</path>
         <kind>object</kind>
         <file>mtr_learnexactoffset.obj</file>
         <name>mtr_learnexactoffset.obj</name>
      </input_file>
      <input_file id="fl-18">
         <path>.\src\</path>
         <kind>object</kind>
         <file>mtrFSM.obj</file>
         <name>mtrFSM.obj</name>
      </input_file>
      <input_file id="fl-19">
         <path>.\src\</path>
         <kind>object</kind>
         <file>high_fre.obj</file>
         <name>high_fre.obj</name>
      </input_file>
      <input_file id="fl-1a">
         <path>.\src\</path>
         <kind>object</kind>
         <file>flash.obj</file>
         <name>flash.obj</name>
      </input_file>
      <input_file id="fl-1b">
         <path>.\src\</path>
         <kind>object</kind>
         <file>feedback.obj</file>
         <name>feedback.obj</name>
      </input_file>
      <input_file id="fl-1c">
         <path>.\src\</path>
         <kind>object</kind>
         <file>faultdetect.obj</file>
         <name>faultdetect.obj</name>
      </input_file>
      <input_file id="fl-1d">
         <path>.\src\</path>
         <kind>object</kind>
         <file>eeprom.obj</file>
         <name>eeprom.obj</name>
      </input_file>
      <input_file id="fl-1e">
         <path>.\src\</path>
         <kind>object</kind>
         <file>dv64_32.obj</file>
         <name>dv64_32.obj</name>
      </input_file>
      <input_file id="fl-1f">
         <path>.\src\</path>
         <kind>object</kind>
         <file>diagFSM.obj</file>
         <name>diagFSM.obj</name>
      </input_file>
      <input_file id="fl-20">
         <path>.\src\</path>
         <kind>object</kind>
         <file>crtcmdConfig.obj</file>
         <name>crtcmdConfig.obj</name>
      </input_file>
      <input_file id="fl-21">
         <path>.\src\</path>
         <kind>object</kind>
         <file>crtLoop.obj</file>
         <name>crtLoop.obj</name>
      </input_file>
      <input_file id="fl-22">
         <path>.\src\</path>
         <kind>object</kind>
         <file>cana.obj</file>
         <name>cana.obj</name>
      </input_file>
      <input_file id="fl-23">
         <path>.\src\</path>
         <kind>object</kind>
         <file>can.obj</file>
         <name>can.obj</name>
      </input_file>
      <input_file id="fl-24">
         <path>.\src\</path>
         <kind>object</kind>
         <file>boot_start.obj</file>
         <name>boot_start.obj</name>
      </input_file>
      <input_file id="fl-25">
         <path>.\src\</path>
         <kind>object</kind>
         <file>GPModule.obj</file>
         <name>GPModule.obj</name>
      </input_file>
      <input_file id="fl-26">
         <path>.\src\</path>
         <kind>object</kind>
         <file>DSP2803x_usDelay.obj</file>
         <name>DSP2803x_usDelay.obj</name>
      </input_file>
      <input_file id="fl-27">
         <path>.\src\</path>
         <kind>object</kind>
         <file>DSP2803x_SysCtrl.obj</file>
         <name>DSP2803x_SysCtrl.obj</name>
      </input_file>
      <input_file id="fl-28">
         <path>.\src\</path>
         <kind>object</kind>
         <file>DSP2803x_Spi.obj</file>
         <name>DSP2803x_Spi.obj</name>
      </input_file>
      <input_file id="fl-29">
         <path>.\src\</path>
         <kind>object</kind>
         <file>DSP2803x_Sci.obj</file>
         <name>DSP2803x_Sci.obj</name>
      </input_file>
      <input_file id="fl-2a">
         <path>.\src\</path>
         <kind>object</kind>
         <file>DSP2803x_PieVect.obj</file>
         <name>DSP2803x_PieVect.obj</name>
      </input_file>
      <input_file id="fl-2b">
         <path>.\src\</path>
         <kind>object</kind>
         <file>DSP2803x_PieCtrl.obj</file>
         <name>DSP2803x_PieCtrl.obj</name>
      </input_file>
      <input_file id="fl-2c">
         <path>.\src\</path>
         <kind>object</kind>
         <file>DSP2803x_MemCopy.obj</file>
         <name>DSP2803x_MemCopy.obj</name>
      </input_file>
      <input_file id="fl-2d">
         <path>.\src\</path>
         <kind>object</kind>
         <file>DSP2803x_Lin.obj</file>
         <name>DSP2803x_Lin.obj</name>
      </input_file>
      <input_file id="fl-2e">
         <path>.\src\</path>
         <kind>object</kind>
         <file>DSP2803x_I2C.obj</file>
         <name>DSP2803x_I2C.obj</name>
      </input_file>
      <input_file id="fl-2f">
         <path>.\src\</path>
         <kind>object</kind>
         <file>DSP2803x_Gpio.obj</file>
         <name>DSP2803x_Gpio.obj</name>
      </input_file>
      <input_file id="fl-30">
         <path>.\src\</path>
         <kind>object</kind>
         <file>DSP2803x_GlobalVariableDefs.obj</file>
         <name>DSP2803x_GlobalVariableDefs.obj</name>
      </input_file>
      <input_file id="fl-31">
         <path>.\src\</path>
         <kind>object</kind>
         <file>DSP2803x_EQep.obj</file>
         <name>DSP2803x_EQep.obj</name>
      </input_file>
      <input_file id="fl-32">
         <path>.\src\</path>
         <kind>object</kind>
         <file>DSP2803x_EPwm.obj</file>
         <name>DSP2803x_EPwm.obj</name>
      </input_file>
      <input_file id="fl-33">
         <path>.\src\</path>
         <kind>object</kind>
         <file>DSP2803x_ECap.obj</file>
         <name>DSP2803x_ECap.obj</name>
      </input_file>
      <input_file id="fl-34">
         <path>.\src\</path>
         <kind>object</kind>
         <file>DSP2803x_ECan.obj</file>
         <name>DSP2803x_ECan.obj</name>
      </input_file>
      <input_file id="fl-35">
         <path>.\src\</path>
         <kind>object</kind>
         <file>DSP2803x_DisInt.obj</file>
         <name>DSP2803x_DisInt.obj</name>
      </input_file>
      <input_file id="fl-36">
         <path>.\src\</path>
         <kind>object</kind>
         <file>DSP2803x_DefaultIsr.obj</file>
         <name>DSP2803x_DefaultIsr.obj</name>
      </input_file>
      <input_file id="fl-37">
         <path>.\src\</path>
         <kind>object</kind>
         <file>DSP2803x_DBGIER.obj</file>
         <name>DSP2803x_DBGIER.obj</name>
      </input_file>
      <input_file id="fl-38">
         <path>.\src\</path>
         <kind>object</kind>
         <file>DSP2803x_CpuTimers.obj</file>
         <name>DSP2803x_CpuTimers.obj</name>
      </input_file>
      <input_file id="fl-39">
         <path>.\src\</path>
         <kind>object</kind>
         <file>DSP2803x_Comp.obj</file>
         <name>DSP2803x_Comp.obj</name>
      </input_file>
      <input_file id="fl-3a">
         <path>.\src\</path>
         <kind>object</kind>
         <file>DSP2803x_CodeStartBranch.obj</file>
         <name>DSP2803x_CodeStartBranch.obj</name>
      </input_file>
      <input_file id="fl-3b">
         <path>.\src\</path>
         <kind>object</kind>
         <file>DSP2803x_CSMPasswords.obj</file>
         <name>DSP2803x_CSMPasswords.obj</name>
      </input_file>
      <input_file id="fl-3c">
         <path>.\src\</path>
         <kind>object</kind>
         <file>DSP2803x_Adc.obj</file>
         <name>DSP2803x_Adc.obj</name>
      </input_file>
      <input_file id="fl-3d">
         <path>.\src\</path>
         <kind>object</kind>
         <file>CHE200_E2rom.obj</file>
         <name>CHE200_E2rom.obj</name>
      </input_file>
      <input_file id="fl-3e">
         <path>.\src\</path>
         <kind>object</kind>
         <file>CARMC_ctrl.obj</file>
         <name>CARMC_ctrl.obj</name>
      </input_file>
      <input_file id="fl-3f">
         <path>.\src\</path>
         <kind>object</kind>
         <file>CARMC_PWM.obj</file>
         <name>CARMC_PWM.obj</name>
      </input_file>
      <input_file id="fl-40">
         <path>.\src\</path>
         <kind>object</kind>
         <file>CARMC_Main.obj</file>
         <name>CARMC_Main.obj</name>
      </input_file>
      <input_file id="fl-41">
         <path>.\src\</path>
         <kind>object</kind>
         <file>CARMC_Interrupt.obj</file>
         <name>CARMC_Interrupt.obj</name>
      </input_file>
      <input_file id="fl-42">
         <path>.\src\</path>
         <kind>object</kind>
         <file>CARMC_IO.obj</file>
         <name>CARMC_IO.obj</name>
      </input_file>
      <input_file id="fl-43">
         <path>.\src\</path>
         <kind>object</kind>
         <file>BootLoader.obj</file>
         <name>BootLoader.obj</name>
      </input_file>
      <input_file id="fl-4d">
         <path>..\lib\</path>
         <kind>archive</kind>
         <file>Flash2803x_API_V100.lib</file>
         <name>Flash28_Prog.obj</name>
      </input_file>
      <input_file id="fl-4e">
         <path>..\lib\</path>
         <kind>archive</kind>
         <file>Flash2803x_API_V100.lib</file>
         <name>Flash28_Prog_Pulse.obj</name>
      </input_file>
      <input_file id="fl-4f">
         <path>..\lib\</path>
         <kind>archive</kind>
         <file>Flash2803x_API_V100.lib</file>
         <name>Flash28_Utils.obj</name>
      </input_file>
      <input_file id="fl-50">
         <path>..\lib\</path>
         <kind>archive</kind>
         <file>Flash2803x_API_V100.lib</file>
         <name>Flash28_Delay.obj</name>
      </input_file>
      <input_file id="fl-51">
         <path>..\lib\</path>
         <kind>archive</kind>
         <file>Flash2803x_API_V100.lib</file>
         <name>Flash28_DisInt.obj</name>
      </input_file>
      <input_file id="fl-52">
         <path>..\lib\</path>
         <kind>archive</kind>
         <file>Flash2803x_API_V100.lib</file>
         <name>Flash28_Init.obj</name>
      </input_file>
      <input_file id="fl-53">
         <path>..\lib\</path>
         <kind>archive</kind>
         <file>Flash2803x_API_V100.lib</file>
         <name>Flash28_Internals.obj</name>
      </input_file>
      <input_file id="fl-54">
         <path>..\lib\</path>
         <kind>archive</kind>
         <file>IQmath.lib</file>
         <name>IQ15div.obj</name>
      </input_file>
      <input_file id="fl-55">
         <path>..\lib\</path>
         <kind>archive</kind>
         <file>IQmath.lib</file>
         <name>IQ24atan2PU.obj</name>
      </input_file>
      <input_file id="fl-56">
         <path>..\lib\</path>
         <kind>archive</kind>
         <file>IQmath.lib</file>
         <name>IQ24cosPU.obj</name>
      </input_file>
      <input_file id="fl-57">
         <path>..\lib\</path>
         <kind>archive</kind>
         <file>IQmath.lib</file>
         <name>IQ24div.obj</name>
      </input_file>
      <input_file id="fl-58">
         <path>..\lib\</path>
         <kind>archive</kind>
         <file>IQmath.lib</file>
         <name>IQ24sinPU.obj</name>
      </input_file>
      <input_file id="fl-59">
         <path>..\lib\</path>
         <kind>archive</kind>
         <file>IQmath.lib</file>
         <name>IQ24sqrt.obj</name>
      </input_file>
      <input_file id="fl-5a">
         <path>..\lib\</path>
         <kind>archive</kind>
         <file>IQmath.lib</file>
         <name>IQmathTables.ob</name>
      </input_file>
      <input_file id="fl-5b">
         <path>..\lib\</path>
         <kind>archive</kind>
         <file>rts2800.lib</file>
         <name>boot.obj</name>
      </input_file>
      <input_file id="fl-5c">
         <path>..\lib\</path>
         <kind>archive</kind>
         <file>rts2800.lib</file>
         <name>exit.obj</name>
      </input_file>
      <input_file id="fl-5d">
         <path>..\lib\</path>
         <kind>archive</kind>
         <file>rts2800.lib</file>
         <name>fd_mpy.obj</name>
      </input_file>
      <input_file id="fl-5e">
         <path>..\lib\</path>
         <kind>archive</kind>
         <file>rts2800.lib</file>
         <name>fd_tol.obj</name>
      </input_file>
      <input_file id="fl-5f">
         <path>..\lib\</path>
         <kind>archive</kind>
         <file>rts2800.lib</file>
         <name>fs_mpy.obj</name>
      </input_file>
      <input_file id="fl-60">
         <path>..\lib\</path>
         <kind>archive</kind>
         <file>rts2800.lib</file>
         <name>fs_tol.obj</name>
      </input_file>
      <input_file id="fl-61">
         <path>..\lib\</path>
         <kind>archive</kind>
         <file>rts2800.lib</file>
         <name>i_div.obj</name>
      </input_file>
      <input_file id="fl-62">
         <path>..\lib\</path>
         <kind>archive</kind>
         <file>rts2800.lib</file>
         <name>l_div.obj</name>
      </input_file>
      <input_file id="fl-63">
         <path>..\lib\</path>
         <kind>archive</kind>
         <file>rts2800.lib</file>
         <name>l_tofd.obj</name>
      </input_file>
      <input_file id="fl-64">
         <path>..\lib\</path>
         <kind>archive</kind>
         <file>rts2800.lib</file>
         <name>memcpy.obj</name>
      </input_file>
      <input_file id="fl-65">
         <path>..\lib\</path>
         <kind>archive</kind>
         <file>rts2800.lib</file>
         <name>u_div.obj</name>
      </input_file>
      <input_file id="fl-66">
         <path>..\lib\</path>
         <kind>archive</kind>
         <file>rts2800.lib</file>
         <name>_lock.obj</name>
      </input_file>
      <input_file id="fl-67">
         <path>..\lib\</path>
         <kind>archive</kind>
         <file>rts2800.lib</file>
         <name>args_main.obj</name>
      </input_file>
   </input_file_list>
   <object_component_list>
      <object_component id="oc-188">
         <name>PieVectTableFile</name>
         <uninitialized>true</uninitialized>
         <run_address>0xd00</run_address>
         <size>0x100</size>
         <input_file_ref idref="fl-30"/>
      </object_component>
      <object_component id="oc-15f">
         <name>EmuKeyVar</name>
         <uninitialized>true</uninitialized>
         <run_address>0xd00</run_address>
         <size>0x1</size>
         <input_file_ref idref="fl-30"/>
      </object_component>
      <object_component id="oc-15e">
         <name>EmuBModeVar</name>
         <uninitialized>true</uninitialized>
         <run_address>0xd01</run_address>
         <size>0x1</size>
         <input_file_ref idref="fl-30"/>
      </object_component>
      <object_component id="oc-160">
         <name>FlashCallbackVar</name>
         <uninitialized>true</uninitialized>
         <run_address>0xd02</run_address>
         <size>0x2</size>
         <input_file_ref idref="fl-30"/>
      </object_component>
      <object_component id="oc-161">
         <name>FlashScalingVar</name>
         <uninitialized>true</uninitialized>
         <run_address>0xd04</run_address>
         <size>0x2</size>
         <input_file_ref idref="fl-30"/>
      </object_component>
      <object_component id="oc-189">
         <name>DevEmuRegsFile</name>
         <uninitialized>true</uninitialized>
         <run_address>0x880</run_address>
         <size>0x106</size>
         <input_file_ref idref="fl-30"/>
      </object_component>
      <object_component id="oc-163">
         <name>FlashRegsFile</name>
         <uninitialized>true</uninitialized>
         <run_address>0xa80</run_address>
         <size>0x8</size>
         <input_file_ref idref="fl-30"/>
      </object_component>
      <object_component id="oc-16c">
         <name>CsmRegsFile</name>
         <uninitialized>true</uninitialized>
         <run_address>0xae0</run_address>
         <size>0x10</size>
         <input_file_ref idref="fl-30"/>
      </object_component>
      <object_component id="oc-172">
         <name>AdcResultFile</name>
         <uninitialized>true</uninitialized>
         <run_address>0xb00</run_address>
         <size>0x20</size>
         <input_file_ref idref="fl-30"/>
      </object_component>
      <object_component id="oc-164">
         <name>CpuTimer0RegsFile</name>
         <uninitialized>true</uninitialized>
         <run_address>0xc00</run_address>
         <size>0x8</size>
         <input_file_ref idref="fl-30"/>
      </object_component>
      <object_component id="oc-165">
         <name>CpuTimer1RegsFile</name>
         <uninitialized>true</uninitialized>
         <run_address>0xc08</run_address>
         <size>0x8</size>
         <input_file_ref idref="fl-30"/>
      </object_component>
      <object_component id="oc-166">
         <name>CpuTimer2RegsFile</name>
         <uninitialized>true</uninitialized>
         <run_address>0xc10</run_address>
         <size>0x8</size>
         <input_file_ref idref="fl-30"/>
      </object_component>
      <object_component id="oc-171">
         <name>PieCtrlRegsFile</name>
         <uninitialized>true</uninitialized>
         <run_address>0xce0</run_address>
         <size>0x1a</size>
         <input_file_ref idref="fl-30"/>
      </object_component>
      <object_component id="oc-180">
         <name>Cla1RegsFile</name>
         <uninitialized>true</uninitialized>
         <run_address>0x1400</run_address>
         <size>0x40</size>
         <input_file_ref idref="fl-30"/>
      </object_component>
      <object_component id="oc-177">
         <name>ECanaRegsFile</name>
         <uninitialized>true</uninitialized>
         <run_address>0x6000</run_address>
         <size>0x34</size>
         <input_file_ref idref="fl-30"/>
      </object_component>
      <object_component id="oc-181">
         <name>ECanaLAMRegsFile</name>
         <uninitialized>true</uninitialized>
         <run_address>0x6040</run_address>
         <size>0x40</size>
         <input_file_ref idref="fl-30"/>
      </object_component>
      <object_component id="oc-187">
         <name>ECanaMboxesFile</name>
         <uninitialized>true</uninitialized>
         <run_address>0x6100</run_address>
         <size>0x100</size>
         <input_file_ref idref="fl-30"/>
      </object_component>
      <object_component id="oc-182">
         <name>ECanaMOTSRegsFile</name>
         <uninitialized>true</uninitialized>
         <run_address>0x6080</run_address>
         <size>0x40</size>
         <input_file_ref idref="fl-30"/>
      </object_component>
      <object_component id="oc-17f">
         <name>ECanaMOTORegsFile</name>
         <uninitialized>true</uninitialized>
         <run_address>0x60c0</run_address>
         <size>0x40</size>
         <input_file_ref idref="fl-30"/>
      </object_component>
      <object_component id="oc-174">
         <name>ECap1RegsFile</name>
         <uninitialized>true</uninitialized>
         <run_address>0x6a00</run_address>
         <size>0x20</size>
         <input_file_ref idref="fl-30"/>
      </object_component>
      <object_component id="oc-183">
         <name>EQep1RegsFile</name>
         <uninitialized>true</uninitialized>
         <run_address>0x6b00</run_address>
         <size>0x40</size>
         <input_file_ref idref="fl-30"/>
      </object_component>
      <object_component id="oc-185">
         <name>LinaRegsFile</name>
         <uninitialized>true</uninitialized>
         <run_address>0x6c00</run_address>
         <size>0x4a</size>
         <input_file_ref idref="fl-30"/>
      </object_component>
      <object_component id="oc-184">
         <name>GpioCtrlRegsFile</name>
         <uninitialized>true</uninitialized>
         <run_address>0x6f80</run_address>
         <size>0x40</size>
         <input_file_ref idref="fl-30"/>
      </object_component>
      <object_component id="oc-173">
         <name>GpioDataRegsFile</name>
         <uninitialized>true</uninitialized>
         <run_address>0x6fc0</run_address>
         <size>0x20</size>
         <input_file_ref idref="fl-30"/>
      </object_component>
      <object_component id="oc-167">
         <name>GpioIntRegsFile</name>
         <uninitialized>true</uninitialized>
         <run_address>0x6fe0</run_address>
         <size>0xc</size>
         <input_file_ref idref="fl-30"/>
      </object_component>
      <object_component id="oc-175">
         <name>SysCtrlRegsFile</name>
         <uninitialized>true</uninitialized>
         <run_address>0x7010</run_address>
         <size>0x20</size>
         <input_file_ref idref="fl-30"/>
      </object_component>
      <object_component id="oc-16b">
         <name>SpiaRegsFile</name>
         <uninitialized>true</uninitialized>
         <run_address>0x7040</run_address>
         <size>0x10</size>
         <input_file_ref idref="fl-30"/>
      </object_component>
      <object_component id="oc-169">
         <name>SpibRegsFile</name>
         <uninitialized>true</uninitialized>
         <run_address>0x7740</run_address>
         <size>0x10</size>
         <input_file_ref idref="fl-30"/>
      </object_component>
      <object_component id="oc-168">
         <name>SciaRegsFile</name>
         <uninitialized>true</uninitialized>
         <run_address>0x7050</run_address>
         <size>0x10</size>
         <input_file_ref idref="fl-30"/>
      </object_component>
      <object_component id="oc-16a">
         <name>NmiIntruptRegsFile</name>
         <uninitialized>true</uninitialized>
         <run_address>0x7060</run_address>
         <size>0x10</size>
         <input_file_ref idref="fl-30"/>
      </object_component>
      <object_component id="oc-16d">
         <name>XIntruptRegsFile</name>
         <uninitialized>true</uninitialized>
         <run_address>0x7070</run_address>
         <size>0x10</size>
         <input_file_ref idref="fl-30"/>
      </object_component>
      <object_component id="oc-186">
         <name>AdcRegsFile</name>
         <uninitialized>true</uninitialized>
         <run_address>0x7100</run_address>
         <size>0x50</size>
         <input_file_ref idref="fl-30"/>
      </object_component>
      <object_component id="oc-176">
         <name>I2caRegsFile</name>
         <uninitialized>true</uninitialized>
         <run_address>0x7900</run_address>
         <size>0x22</size>
         <input_file_ref idref="fl-30"/>
      </object_component>
      <object_component id="oc-16e">
         <name>Comp1RegsFile</name>
         <uninitialized>true</uninitialized>
         <run_address>0x6400</run_address>
         <size>0x11</size>
         <input_file_ref idref="fl-30"/>
      </object_component>
      <object_component id="oc-16f">
         <name>Comp2RegsFile</name>
         <uninitialized>true</uninitialized>
         <run_address>0x6420</run_address>
         <size>0x11</size>
         <input_file_ref idref="fl-30"/>
      </object_component>
      <object_component id="oc-170">
         <name>Comp3RegsFile</name>
         <uninitialized>true</uninitialized>
         <run_address>0x6440</run_address>
         <size>0x11</size>
         <input_file_ref idref="fl-30"/>
      </object_component>
      <object_component id="oc-17c">
         <name>EPwm1RegsFile</name>
         <uninitialized>true</uninitialized>
         <run_address>0x6800</run_address>
         <size>0x3a</size>
         <input_file_ref idref="fl-30"/>
      </object_component>
      <object_component id="oc-17a">
         <name>EPwm2RegsFile</name>
         <uninitialized>true</uninitialized>
         <run_address>0x6840</run_address>
         <size>0x3a</size>
         <input_file_ref idref="fl-30"/>
      </object_component>
      <object_component id="oc-17b">
         <name>EPwm3RegsFile</name>
         <uninitialized>true</uninitialized>
         <run_address>0x6880</run_address>
         <size>0x3a</size>
         <input_file_ref idref="fl-30"/>
      </object_component>
      <object_component id="oc-178">
         <name>EPwm4RegsFile</name>
         <uninitialized>true</uninitialized>
         <run_address>0x68c0</run_address>
         <size>0x3a</size>
         <input_file_ref idref="fl-30"/>
      </object_component>
      <object_component id="oc-179">
         <name>EPwm5RegsFile</name>
         <uninitialized>true</uninitialized>
         <run_address>0x6900</run_address>
         <size>0x3a</size>
         <input_file_ref idref="fl-30"/>
      </object_component>
      <object_component id="oc-17e">
         <name>EPwm6RegsFile</name>
         <uninitialized>true</uninitialized>
         <run_address>0x6940</run_address>
         <size>0x3a</size>
         <input_file_ref idref="fl-30"/>
      </object_component>
      <object_component id="oc-17d">
         <name>EPwm7RegsFile</name>
         <uninitialized>true</uninitialized>
         <run_address>0x6980</run_address>
         <size>0x3a</size>
         <input_file_ref idref="fl-30"/>
      </object_component>
      <object_component id="oc-162">
         <name>CsmPwlFile</name>
         <uninitialized>true</uninitialized>
         <run_address>0x3f7ff8</run_address>
         <size>0x8</size>
         <input_file_ref idref="fl-30"/>
      </object_component>
      <object_component id="oc-15d">
         <name>PartIdRegsFile</name>
         <uninitialized>true</uninitialized>
         <run_address>0x3d7fff</run_address>
         <size>0x1</size>
         <input_file_ref idref="fl-30"/>
      </object_component>
      <object_component id="oc-6a">
         <name>.cinit</name>
         <load_address>0x3f35c5</load_address>
         <run_address>0x3f35c5</run_address>
         <size>0xfd</size>
         <input_file_ref idref="fl-7"/>
      </object_component>
      <object_component id="oc-e8">
         <name>.cinit</name>
         <load_address>0x3f36c2</load_address>
         <run_address>0x3f36c2</run_address>
         <size>0xc0</size>
         <input_file_ref idref="fl-1c"/>
      </object_component>
      <object_component id="oc-80">
         <name>.cinit</name>
         <load_address>0x3f3782</load_address>
         <run_address>0x3f3782</run_address>
         <size>0x83</size>
         <input_file_ref idref="fl-a"/>
      </object_component>
      <object_component id="oc-e0">
         <name>.cinit</name>
         <load_address>0x3f3805</load_address>
         <run_address>0x3f3805</run_address>
         <size>0x76</size>
         <input_file_ref idref="fl-1b"/>
      </object_component>
      <object_component id="oc-1ce">
         <name>.cinit</name>
         <load_address>0x3f387b</load_address>
         <run_address>0x3f387b</run_address>
         <size>0x4e</size>
         <input_file_ref idref="fl-3e"/>
      </object_component>
      <object_component id="oc-60">
         <name>.cinit</name>
         <load_address>0x3f38c9</load_address>
         <run_address>0x3f38c9</run_address>
         <size>0x4c</size>
         <input_file_ref idref="fl-5"/>
      </object_component>
      <object_component id="oc-111">
         <name>.cinit</name>
         <load_address>0x3f3915</load_address>
         <run_address>0x3f3915</run_address>
         <size>0x48</size>
         <input_file_ref idref="fl-22"/>
      </object_component>
      <object_component id="oc-9b">
         <name>.cinit</name>
         <load_address>0x3f395d</load_address>
         <run_address>0x3f395d</run_address>
         <size>0x46</size>
         <input_file_ref idref="fl-e"/>
      </object_component>
      <object_component id="oc-ef">
         <name>.cinit</name>
         <load_address>0x3f39a3</load_address>
         <run_address>0x3f39a3</run_address>
         <size>0x28</size>
         <input_file_ref idref="fl-1d"/>
      </object_component>
      <object_component id="oc-79">
         <name>.cinit</name>
         <load_address>0x3f39cb</load_address>
         <run_address>0x3f39cb</run_address>
         <size>0x1c</size>
         <input_file_ref idref="fl-9"/>
      </object_component>
      <object_component id="oc-1a5">
         <name>.cinit</name>
         <load_address>0x3f39e7</load_address>
         <run_address>0x3f39e7</run_address>
         <size>0x16</size>
         <input_file_ref idref="fl-36"/>
      </object_component>
      <object_component id="oc-71">
         <name>.cinit</name>
         <load_address>0x3f39fd</load_address>
         <run_address>0x3f39fd</run_address>
         <size>0x13</size>
         <input_file_ref idref="fl-8"/>
      </object_component>
      <object_component id="oc-a7">
         <name>.cinit</name>
         <load_address>0x3f3a10</load_address>
         <run_address>0x3f3a10</run_address>
         <size>0xf</size>
         <input_file_ref idref="fl-10"/>
      </object_component>
      <object_component id="oc-8c">
         <name>.cinit</name>
         <load_address>0x3f3a1f</load_address>
         <run_address>0x3f3a1f</run_address>
         <size>0xd</size>
         <input_file_ref idref="fl-c"/>
      </object_component>
      <object_component id="oc-1ff">
         <name>.cinit</name>
         <load_address>0x3f3a2c</load_address>
         <run_address>0x3f3a2c</run_address>
         <size>0xb</size>
         <input_file_ref idref="fl-5c"/>
      </object_component>
      <object_component id="oc-fa">
         <name>.cinit</name>
         <load_address>0x3f3a37</load_address>
         <run_address>0x3f3a37</run_address>
         <size>0x9</size>
         <input_file_ref idref="fl-1f"/>
      </object_component>
      <object_component id="oc-229">
         <name>.cinit</name>
         <load_address>0x3f3a40</load_address>
         <run_address>0x3f3a40</run_address>
         <size>0x8</size>
         <input_file_ref idref="fl-66"/>
      </object_component>
      <object_component id="oc-109">
         <name>.cinit</name>
         <load_address>0x3f3a48</load_address>
         <run_address>0x3f3a48</run_address>
         <size>0x5</size>
         <input_file_ref idref="fl-21"/>
      </object_component>
      <object_component id="oc-d9">
         <name>.cinit</name>
         <load_address>0x3f3a4d</load_address>
         <run_address>0x3f3a4d</run_address>
         <size>0x5</size>
         <input_file_ref idref="fl-1a"/>
      </object_component>
      <object_component id="oc-b0">
         <name>.cinit</name>
         <load_address>0x3f3a52</load_address>
         <run_address>0x3f3a52</run_address>
         <size>0x5</size>
         <input_file_ref idref="fl-12"/>
      </object_component>
      <object_component id="oc-93">
         <name>.cinit</name>
         <load_address>0x3f3a57</load_address>
         <run_address>0x3f3a57</run_address>
         <size>0x5</size>
         <input_file_ref idref="fl-d"/>
      </object_component>
      <object_component id="oc-58">
         <name>.cinit</name>
         <load_address>0x3f3a5c</load_address>
         <run_address>0x3f3a5c</run_address>
         <size>0x5</size>
         <input_file_ref idref="fl-4"/>
      </object_component>
      <object_component id="oc-51">
         <name>.cinit</name>
         <load_address>0x3f3a61</load_address>
         <run_address>0x3f3a61</run_address>
         <size>0x5</size>
         <input_file_ref idref="fl-3"/>
      </object_component>
      <object_component id="oc-1c7">
         <name>.cinit</name>
         <load_address>0x3f3a66</load_address>
         <run_address>0x3f3a66</run_address>
         <size>0x4</size>
         <input_file_ref idref="fl-3d"/>
      </object_component>
      <object_component id="oc-101">
         <name>.cinit</name>
         <load_address>0x3f3a6a</load_address>
         <run_address>0x3f3a6a</run_address>
         <size>0x4</size>
         <input_file_ref idref="fl-20"/>
      </object_component>
      <object_component id="oc-d0">
         <name>.cinit</name>
         <load_address>0x3f3a6e</load_address>
         <run_address>0x3f3a6e</run_address>
         <size>0x4</size>
         <input_file_ref idref="fl-18"/>
      </object_component>
      <object_component id="oc-c9">
         <name>.cinit</name>
         <load_address>0x3f3a72</load_address>
         <run_address>0x3f3a72</run_address>
         <size>0x4</size>
         <input_file_ref idref="fl-17"/>
      </object_component>
      <object_component id="oc-c0">
         <name>.cinit</name>
         <load_address>0x3f3a76</load_address>
         <run_address>0x3f3a76</run_address>
         <size>0x4</size>
         <input_file_ref idref="fl-15"/>
      </object_component>
      <object_component id="oc-49">
         <name>.cinit</name>
         <load_address>0x3f3a7a</load_address>
         <run_address>0x3f3a7a</run_address>
         <size>0x4</size>
         <input_file_ref idref="fl-2"/>
      </object_component>
      <object_component id="oc-de">
         <name>.text</name>
         <load_address>0x3e916e</load_address>
         <run_address>0x3e916e</run_address>
         <size>0x1360</size>
         <input_file_ref idref="fl-1b"/>
      </object_component>
      <object_component id="oc-5e">
         <name>.text</name>
         <load_address>0x3ea4ce</load_address>
         <run_address>0x3ea4ce</run_address>
         <size>0xb5b</size>
         <input_file_ref idref="fl-5"/>
      </object_component>
      <object_component id="oc-10f">
         <name>.text</name>
         <load_address>0x3eb029</load_address>
         <run_address>0x3eb029</run_address>
         <size>0xa00</size>
         <input_file_ref idref="fl-22"/>
      </object_component>
      <object_component id="oc-8a">
         <name>.text</name>
         <load_address>0x3eba29</load_address>
         <run_address>0x3eba29</run_address>
         <size>0x874</size>
         <input_file_ref idref="fl-c"/>
      </object_component>
      <object_component id="oc-7e">
         <name>.text</name>
         <load_address>0x3ec29d</load_address>
         <run_address>0x3ec29d</run_address>
         <size>0x859</size>
         <input_file_ref idref="fl-a"/>
      </object_component>
      <object_component id="oc-e6">
         <name>.text</name>
         <load_address>0x3ecaf6</load_address>
         <run_address>0x3ecaf6</run_address>
         <size>0x81c</size>
         <input_file_ref idref="fl-1c"/>
      </object_component>
      <object_component id="oc-4f">
         <name>.text</name>
         <load_address>0x3ed312</load_address>
         <run_address>0x3ed312</run_address>
         <size>0x6e0</size>
         <input_file_ref idref="fl-3"/>
      </object_component>
      <object_component id="oc-68">
         <name>.text</name>
         <load_address>0x3ed9f2</load_address>
         <run_address>0x3ed9f2</run_address>
         <size>0x673</size>
         <input_file_ref idref="fl-7"/>
      </object_component>
      <object_component id="oc-77">
         <name>.text</name>
         <load_address>0x3ee065</load_address>
         <run_address>0x3ee065</run_address>
         <size>0x55c</size>
         <input_file_ref idref="fl-9"/>
      </object_component>
      <object_component id="oc-c7">
         <name>.text</name>
         <load_address>0x3ee5c1</load_address>
         <run_address>0x3ee5c1</run_address>
         <size>0x4b0</size>
         <input_file_ref idref="fl-17"/>
      </object_component>
      <object_component id="oc-f8">
         <name>.text</name>
         <load_address>0x3eea71</load_address>
         <run_address>0x3eea71</run_address>
         <size>0x383</size>
         <input_file_ref idref="fl-1f"/>
      </object_component>
      <object_component id="oc-b8">
         <name>.text</name>
         <load_address>0x3eedf4</load_address>
         <run_address>0x3eedf4</run_address>
         <size>0x34b</size>
         <input_file_ref idref="fl-14"/>
      </object_component>
      <object_component id="oc-ed">
         <name>.text</name>
         <load_address>0x3ef13f</load_address>
         <run_address>0x3ef13f</run_address>
         <size>0x319</size>
         <input_file_ref idref="fl-1d"/>
      </object_component>
      <object_component id="oc-99">
         <name>.text</name>
         <load_address>0x3ef458</load_address>
         <run_address>0x3ef458</run_address>
         <size>0x2b5</size>
         <input_file_ref idref="fl-e"/>
      </object_component>
      <object_component id="oc-1c5">
         <name>.text</name>
         <load_address>0x3ef70d</load_address>
         <run_address>0x3ef70d</run_address>
         <size>0x250</size>
         <input_file_ref idref="fl-3d"/>
      </object_component>
      <object_component id="oc-1c0">
         <name>.text</name>
         <load_address>0x3ef95d</load_address>
         <run_address>0x3ef95d</run_address>
         <size>0x1e6</size>
         <input_file_ref idref="fl-3c"/>
      </object_component>
      <object_component id="oc-1a3">
         <name>.text</name>
         <load_address>0x3efb43</load_address>
         <run_address>0x3efb43</run_address>
         <size>0x1e5</size>
         <input_file_ref idref="fl-36"/>
      </object_component>
      <object_component id="oc-ce">
         <name>.text</name>
         <load_address>0x3efd28</load_address>
         <run_address>0x3efd28</run_address>
         <size>0x1c9</size>
         <input_file_ref idref="fl-18"/>
      </object_component>
      <object_component id="oc-1e4">
         <name>.text</name>
         <load_address>0x3efef1</load_address>
         <run_address>0x3efef1</run_address>
         <size>0x1b0</size>
         <input_file_ref idref="fl-42"/>
      </object_component>
      <object_component id="oc-6f">
         <name>.text</name>
         <load_address>0x3f00a1</load_address>
         <run_address>0x3f00a1</run_address>
         <size>0x160</size>
         <input_file_ref idref="fl-8"/>
      </object_component>
      <object_component id="oc-107">
         <name>.text</name>
         <load_address>0x3f0201</load_address>
         <run_address>0x3f0201</run_address>
         <size>0x14e</size>
         <input_file_ref idref="fl-21"/>
      </object_component>
      <object_component id="oc-12c">
         <name>.text</name>
         <load_address>0x3f034f</load_address>
         <run_address>0x3f034f</run_address>
         <size>0x12f</size>
         <input_file_ref idref="fl-27"/>
      </object_component>
      <object_component id="oc-1d4">
         <name>.text</name>
         <load_address>0x3f047e</load_address>
         <run_address>0x3f047e</run_address>
         <size>0x111</size>
         <input_file_ref idref="fl-3f"/>
      </object_component>
      <object_component id="oc-1cc">
         <name>.text</name>
         <load_address>0x3f058f</load_address>
         <run_address>0x3f058f</run_address>
         <size>0xff</size>
         <input_file_ref idref="fl-3e"/>
      </object_component>
      <object_component id="oc-1ea">
         <name>.text</name>
         <load_address>0x3f068e</load_address>
         <run_address>0x3f068e</run_address>
         <size>0xe1</size>
         <input_file_ref idref="fl-4d"/>
      </object_component>
      <object_component id="oc-1d9">
         <name>.text</name>
         <load_address>0x3f076f</load_address>
         <run_address>0x3f076f</run_address>
         <size>0xdd</size>
         <input_file_ref idref="fl-40"/>
      </object_component>
      <object_component id="oc-a5">
         <name>.text</name>
         <load_address>0x3f084c</load_address>
         <run_address>0x3f084c</run_address>
         <size>0xd6</size>
         <input_file_ref idref="fl-10"/>
      </object_component>
      <object_component id="oc-117">
         <name>.text</name>
         <load_address>0x3f0922</load_address>
         <run_address>0x3f0922</run_address>
         <size>0xcf</size>
         <input_file_ref idref="fl-23"/>
      </object_component>
      <object_component id="oc-d7">
         <name>.text</name>
         <load_address>0x3f09f1</load_address>
         <run_address>0x3f09f1</run_address>
         <size>0xc7</size>
         <input_file_ref idref="fl-1a"/>
      </object_component>
      <object_component id="oc-190">
         <name>.text</name>
         <load_address>0x3f0ab8</load_address>
         <run_address>0x3f0ab8</run_address>
         <size>0xc4</size>
         <input_file_ref idref="fl-32"/>
      </object_component>
      <object_component id="oc-a0">
         <name>.text</name>
         <load_address>0x3f0b7c</load_address>
         <run_address>0x3f0b7c</run_address>
         <size>0xbf</size>
         <input_file_ref idref="fl-f"/>
      </object_component>
      <object_component id="oc-91">
         <name>.text</name>
         <load_address>0x3f0c3b</load_address>
         <run_address>0x3f0c3b</run_address>
         <size>0xa6</size>
         <input_file_ref idref="fl-d"/>
      </object_component>
      <object_component id="oc-19a">
         <name>.text</name>
         <load_address>0x3f0ce1</load_address>
         <run_address>0x3f0ce1</run_address>
         <size>0xa2</size>
         <input_file_ref idref="fl-34"/>
      </object_component>
      <object_component id="oc-47">
         <name>.text</name>
         <load_address>0x3f0d83</load_address>
         <run_address>0x3f0d83</run_address>
         <size>0x92</size>
         <input_file_ref idref="fl-2"/>
      </object_component>
      <object_component id="oc-1f0">
         <name>.text</name>
         <load_address>0x3f0e15</load_address>
         <run_address>0x3f0e15</run_address>
         <size>0x84</size>
         <input_file_ref idref="fl-53"/>
      </object_component>
      <object_component id="oc-203">
         <name>.text</name>
         <load_address>0x3f0e99</load_address>
         <run_address>0x3f0e99</run_address>
         <size>0x83</size>
         <input_file_ref idref="fl-5d"/>
      </object_component>
      <object_component id="oc-1eb">
         <name>.text</name>
         <load_address>0x3f0f1c</load_address>
         <run_address>0x3f0f1c</run_address>
         <size>0x80</size>
         <input_file_ref idref="fl-4e"/>
      </object_component>
      <object_component id="oc-14c">
         <name>.text</name>
         <load_address>0x3f0f9c</load_address>
         <run_address>0x3f0f9c</run_address>
         <size>0x7b</size>
         <input_file_ref idref="fl-2d"/>
      </object_component>
      <object_component id="oc-1ae">
         <name>.text</name>
         <load_address>0x3f1017</load_address>
         <run_address>0x3f1017</run_address>
         <size>0x77</size>
         <input_file_ref idref="fl-38"/>
      </object_component>
      <object_component id="oc-123">
         <name>.text</name>
         <load_address>0x3f108e</load_address>
         <run_address>0x3f108e</run_address>
         <size>0x6f</size>
         <input_file_ref idref="fl-25"/>
      </object_component>
      <object_component id="oc-20b">
         <name>.text</name>
         <load_address>0x3f10fd</load_address>
         <run_address>0x3f10fd</run_address>
         <size>0x5a</size>
         <input_file_ref idref="fl-5f"/>
      </object_component>
      <object_component id="oc-ff">
         <name>.text</name>
         <load_address>0x3f1157</load_address>
         <run_address>0x3f1157</run_address>
         <size>0x52</size>
         <input_file_ref idref="fl-20"/>
      </object_component>
      <object_component id="oc-ae">
         <name>.text</name>
         <load_address>0x3f11a9</load_address>
         <run_address>0x3f11a9</run_address>
         <size>0x51</size>
         <input_file_ref idref="fl-12"/>
      </object_component>
      <object_component id="oc-132">
         <name>.text</name>
         <load_address>0x3f11fa</load_address>
         <run_address>0x3f11fa</run_address>
         <size>0x4a</size>
         <input_file_ref idref="fl-28"/>
      </object_component>
      <object_component id="oc-1b4">
         <name>.text</name>
         <load_address>0x3f1244</load_address>
         <run_address>0x3f1244</run_address>
         <size>0x46</size>
         <input_file_ref idref="fl-39"/>
      </object_component>
      <object_component id="oc-46">
         <name>.text</name>
         <load_address>0x3f128a</load_address>
         <run_address>0x3f128a</run_address>
         <size>0x44</size>
         <input_file_ref idref="fl-5b"/>
      </object_component>
      <object_component id="oc-21f">
         <name>.text</name>
         <load_address>0x3f12ce</load_address>
         <run_address>0x3f12ce</run_address>
         <size>0x41</size>
         <input_file_ref idref="fl-64"/>
      </object_component>
      <object_component id="oc-1fd">
         <name>.text</name>
         <load_address>0x3f130f</load_address>
         <run_address>0x3f130f</run_address>
         <size>0x3d</size>
         <input_file_ref idref="fl-5c"/>
      </object_component>
      <object_component id="oc-18b">
         <name>.text</name>
         <load_address>0x3f134c</load_address>
         <run_address>0x3f134c</run_address>
         <size>0x2e</size>
         <input_file_ref idref="fl-31"/>
      </object_component>
      <object_component id="oc-152">
         <name>.text</name>
         <load_address>0x3f137a</load_address>
         <run_address>0x3f137a</run_address>
         <size>0x2b</size>
         <input_file_ref idref="fl-2e"/>
      </object_component>
      <object_component id="oc-1df">
         <name>.text</name>
         <load_address>0x3f13a5</load_address>
         <run_address>0x3f13a5</run_address>
         <size>0x2a</size>
         <input_file_ref idref="fl-41"/>
      </object_component>
      <object_component id="oc-217">
         <name>.text</name>
         <load_address>0x3f13cf</load_address>
         <run_address>0x3f13cf</run_address>
         <size>0x2a</size>
         <input_file_ref idref="fl-62"/>
      </object_component>
      <object_component id="oc-20f">
         <name>.text</name>
         <load_address>0x3f13f9</load_address>
         <run_address>0x3f13f9</run_address>
         <size>0x29</size>
         <input_file_ref idref="fl-60"/>
      </object_component>
      <object_component id="oc-142">
         <name>.text</name>
         <load_address>0x3f1422</load_address>
         <run_address>0x3f1422</run_address>
         <size>0x28</size>
         <input_file_ref idref="fl-2b"/>
      </object_component>
      <object_component id="oc-13c">
         <name>.text</name>
         <load_address>0x3f144a</load_address>
         <run_address>0x3f144a</run_address>
         <size>0x25</size>
         <input_file_ref idref="fl-2a"/>
      </object_component>
      <object_component id="oc-213">
         <name>.text</name>
         <load_address>0x3f146f</load_address>
         <run_address>0x3f146f</run_address>
         <size>0x22</size>
         <input_file_ref idref="fl-61"/>
      </object_component>
      <object_component id="oc-207">
         <name>.text</name>
         <load_address>0x3f1491</load_address>
         <run_address>0x3f1491</run_address>
         <size>0x1f</size>
         <input_file_ref idref="fl-5e"/>
      </object_component>
      <object_component id="oc-85">
         <name>.text</name>
         <load_address>0x3f14b0</load_address>
         <run_address>0x3f14b0</run_address>
         <size>0x1d</size>
         <input_file_ref idref="fl-b"/>
      </object_component>
      <object_component id="oc-21b">
         <name>.text</name>
         <load_address>0x3f14cd</load_address>
         <run_address>0x3f14cd</run_address>
         <size>0x1c</size>
         <input_file_ref idref="fl-63"/>
      </object_component>
      <object_component id="oc-137">
         <name>.text</name>
         <load_address>0x3f14e9</load_address>
         <run_address>0x3f14e9</run_address>
         <size>0x1a</size>
         <input_file_ref idref="fl-29"/>
      </object_component>
      <object_component id="oc-1ef">
         <name>.text</name>
         <load_address>0x3f1503</load_address>
         <run_address>0x3f1503</run_address>
         <size>0x16</size>
         <input_file_ref idref="fl-52"/>
      </object_component>
      <object_component id="oc-147">
         <name>.text</name>
         <load_address>0x3f1519</load_address>
         <run_address>0x3f1519</run_address>
         <size>0x15</size>
         <input_file_ref idref="fl-2c"/>
      </object_component>
      <object_component id="oc-1ec">
         <name>.text</name>
         <load_address>0x3f152e</load_address>
         <run_address>0x3f152e</run_address>
         <size>0x14</size>
         <input_file_ref idref="fl-4f"/>
      </object_component>
      <object_component id="oc-157">
         <name>.text</name>
         <load_address>0x3f1542</load_address>
         <run_address>0x3f1542</run_address>
         <size>0x13</size>
         <input_file_ref idref="fl-2f"/>
      </object_component>
      <object_component id="oc-195">
         <name>.text</name>
         <load_address>0x3f1555</load_address>
         <run_address>0x3f1555</run_address>
         <size>0x10</size>
         <input_file_ref idref="fl-33"/>
      </object_component>
      <object_component id="oc-22d">
         <name>.text</name>
         <load_address>0x3f1565</load_address>
         <run_address>0x3f1565</run_address>
         <size>0x10</size>
         <input_file_ref idref="fl-67"/>
      </object_component>
      <object_component id="oc-1ed">
         <name>.text</name>
         <load_address>0x3f1575</load_address>
         <run_address>0x3f1575</run_address>
         <size>0xd</size>
         <input_file_ref idref="fl-50"/>
      </object_component>
      <object_component id="oc-223">
         <name>.text</name>
         <load_address>0x3f1582</load_address>
         <run_address>0x3f1582</run_address>
         <size>0xb</size>
         <input_file_ref idref="fl-65"/>
      </object_component>
      <object_component id="oc-1b9">
         <name>.text</name>
         <load_address>0x3f158d</load_address>
         <run_address>0x3f158d</run_address>
         <size>0x8</size>
         <input_file_ref idref="fl-3a"/>
      </object_component>
      <object_component id="oc-11d">
         <name>.text</name>
         <load_address>0x3f1595</load_address>
         <run_address>0x3f1595</run_address>
         <size>0x8</size>
         <input_file_ref idref="fl-24"/>
      </object_component>
      <object_component id="oc-56">
         <name>.text</name>
         <load_address>0x3f159d</load_address>
         <run_address>0x3f159d</run_address>
         <size>0x8</size>
         <input_file_ref idref="fl-4"/>
      </object_component>
      <object_component id="oc-19f">
         <name>.text</name>
         <load_address>0x3f15a5</load_address>
         <run_address>0x3f15a5</run_address>
         <size>0x7</size>
         <input_file_ref idref="fl-35"/>
      </object_component>
      <object_component id="oc-1ee">
         <name>.text</name>
         <load_address>0x3f15ac</load_address>
         <run_address>0x3f15ac</run_address>
         <size>0x7</size>
         <input_file_ref idref="fl-51"/>
      </object_component>
      <object_component id="oc-227">
         <name>.text</name>
         <load_address>0x3f15b3</load_address>
         <run_address>0x3f15b3</run_address>
         <size>0x7</size>
         <input_file_ref idref="fl-66"/>
      </object_component>
      <object_component id="oc-1aa">
         <name>.text</name>
         <load_address>0x3f15ba</load_address>
         <run_address>0x3f15ba</run_address>
         <size>0x3</size>
         <input_file_ref idref="fl-37"/>
      </object_component>
      <object_component id="oc-be">
         <name>.text</name>
         <load_address>0x3f15bd</load_address>
         <run_address>0x3f15bd</run_address>
         <size>0x3</size>
         <input_file_ref idref="fl-15"/>
      </object_component>
      <object_component id="oc-1ba">
         <name>codestart</name>
         <load_address>0x3f7ff6</load_address>
         <run_address>0x3f7ff6</run_address>
         <size>0x2</size>
         <input_file_ref idref="fl-3a"/>
      </object_component>
      <object_component id="oc-4b">
         <name>ramfuncs</name>
         <load_address>0x3e8002</load_address>
         <run_address>0x8000</run_address>
         <size>0x776</size>
         <input_file_ref idref="fl-2"/>
      </object_component>
      <object_component id="oc-1d0">
         <name>ramfuncs</name>
         <load_address>0x3e8778</load_address>
         <run_address>0x8776</run_address>
         <size>0x38e</size>
         <input_file_ref idref="fl-3e"/>
      </object_component>
      <object_component id="oc-103">
         <name>ramfuncs</name>
         <load_address>0x3e8b06</load_address>
         <run_address>0x8b04</run_address>
         <size>0x1a1</size>
         <input_file_ref idref="fl-20"/>
      </object_component>
      <object_component id="oc-10b">
         <name>ramfuncs</name>
         <load_address>0x3e8ca7</load_address>
         <run_address>0x8ca5</run_address>
         <size>0x140</size>
         <input_file_ref idref="fl-21"/>
      </object_component>
      <object_component id="oc-e2">
         <name>ramfuncs</name>
         <load_address>0x3e8de7</load_address>
         <run_address>0x8de5</run_address>
         <size>0x11c</size>
         <input_file_ref idref="fl-1b"/>
      </object_component>
      <object_component id="oc-b2">
         <name>ramfuncs</name>
         <load_address>0x3e8f03</load_address>
         <run_address>0x8f01</run_address>
         <size>0xd2</size>
         <input_file_ref idref="fl-12"/>
      </object_component>
      <object_component id="oc-95">
         <name>ramfuncs</name>
         <load_address>0x3e8fd5</load_address>
         <run_address>0x8fd3</run_address>
         <size>0xb2</size>
         <input_file_ref idref="fl-d"/>
      </object_component>
      <object_component id="oc-1db">
         <name>ramfuncs</name>
         <load_address>0x3e9087</load_address>
         <run_address>0x9085</run_address>
         <size>0x7e</size>
         <input_file_ref idref="fl-40"/>
      </object_component>
      <object_component id="oc-5a">
         <name>ramfuncs</name>
         <load_address>0x3e9105</load_address>
         <run_address>0x9103</run_address>
         <size>0x2e</size>
         <input_file_ref idref="fl-4"/>
      </object_component>
      <object_component id="oc-12e">
         <name>ramfuncs</name>
         <load_address>0x3e9133</load_address>
         <run_address>0x9131</run_address>
         <size>0x25</size>
         <input_file_ref idref="fl-27"/>
      </object_component>
      <object_component id="oc-f4">
         <name>ramfuncs</name>
         <load_address>0x3e9158</load_address>
         <run_address>0x9156</run_address>
         <size>0x12</size>
         <input_file_ref idref="fl-1e"/>
      </object_component>
      <object_component id="oc-128">
         <name>ramfuncs</name>
         <load_address>0x3e916a</load_address>
         <run_address>0x9168</run_address>
         <size>0x4</size>
         <input_file_ref idref="fl-26"/>
      </object_component>
      <object_component id="oc-11f">
         <name>bootstart</name>
         <load_address>0x3e8000</load_address>
         <run_address>0x3e8000</run_address>
         <size>0x2</size>
         <input_file_ref idref="fl-24"/>
      </object_component>
      <object_component id="oc-11e">
         <name>progMCUidVer</name>
         <load_address>0x3f3ff8</load_address>
         <run_address>0x3f3ff8</run_address>
         <size>0x8</size>
         <input_file_ref idref="fl-24"/>
      </object_component>
      <object_component id="oc-1e9">
         <name>bootloader</name>
         <load_address>0x3f4000</load_address>
         <run_address>0x3f4000</run_address>
         <size>0x3f80</size>
         <input_file_ref idref="fl-43"/>
      </object_component>
      <object_component id="oc-1be">
         <name>csmpasswds</name>
         <load_address>0x3f7ff8</load_address>
         <run_address>0x3f7ff8</run_address>
         <size>0x8</size>
         <input_file_ref idref="fl-3b"/>
      </object_component>
      <object_component id="oc-1bf">
         <name>csm_rsvd</name>
         <load_address>0x3f7f80</load_address>
         <run_address>0x3f7f80</run_address>
         <size>0x76</size>
         <input_file_ref idref="fl-3b"/>
      </object_component>
      <object_component id="oc-1f8">
         <name>.stack</name>
         <uninitialized>true</uninitialized>
         <run_address>0x400</run_address>
         <size>0x0</size>
         <input_file_ref idref="fl-5b"/>
      </object_component>
      <object_component id="oc-28d">
         <name>.stack</name>
         <uninitialized>true</uninitialized>
         <run_address>0x400</run_address>
         <size>0x0</size>
      </object_component>
      <object_component id="oc-1cf">
         <name>.ebss</name>
         <uninitialized>true</uninitialized>
         <run_address>0x9e88</run_address>
         <size>0x1c</size>
         <input_file_ref idref="fl-3e"/>
      </object_component>
      <object_component id="oc-66">
         <name>.ebss</name>
         <uninitialized>true</uninitialized>
         <run_address>0x9c08</run_address>
         <size>0x32</size>
         <input_file_ref idref="fl-6"/>
      </object_component>
      <object_component id="oc-1b0">
         <name>.ebss</name>
         <uninitialized>true</uninitialized>
         <run_address>0x9f00</run_address>
         <size>0x18</size>
         <input_file_ref idref="fl-38"/>
      </object_component>
      <object_component id="oc-6b">
         <name>.ebss</name>
         <uninitialized>true</uninitialized>
         <run_address>0x9900</run_address>
         <size>0xc2</size>
         <input_file_ref idref="fl-7"/>
      </object_component>
      <object_component id="oc-c1">
         <name>.ebss</name>
         <uninitialized>true</uninitialized>
         <run_address>0x9f18</run_address>
         <size>0x14</size>
         <input_file_ref idref="fl-15"/>
      </object_component>
      <object_component id="oc-b1">
         <name>.ebss</name>
         <uninitialized>true</uninitialized>
         <run_address>0x9520</run_address>
         <size>0x1e</size>
         <input_file_ref idref="fl-12"/>
      </object_component>
      <object_component id="oc-10a">
         <name>.ebss</name>
         <uninitialized>true</uninitialized>
         <run_address>0x9ec0</run_address>
         <size>0x40</size>
         <input_file_ref idref="fl-21"/>
      </object_component>
      <object_component id="oc-14e">
         <name>.ebss</name>
         <uninitialized>true</uninitialized>
         <run_address>0x953e</run_address>
         <size>0x2</size>
         <input_file_ref idref="fl-2d"/>
      </object_component>
      <object_component id="oc-f0">
         <name>.ebss</name>
         <uninitialized>true</uninitialized>
         <run_address>0x9540</run_address>
         <size>0x1b0</size>
         <input_file_ref idref="fl-1d"/>
      </object_component>
      <object_component id="oc-119">
         <name>.ebss</name>
         <uninitialized>true</uninitialized>
         <run_address>0x9700</run_address>
         <size>0x100</size>
         <input_file_ref idref="fl-23"/>
      </object_component>
      <object_component id="oc-d1">
         <name>.ebss</name>
         <uninitialized>true</uninitialized>
         <run_address>0x9e14</run_address>
         <size>0x22</size>
         <input_file_ref idref="fl-18"/>
      </object_component>
      <object_component id="oc-a8">
         <name>.ebss</name>
         <uninitialized>true</uninitialized>
         <run_address>0x98f8</run_address>
         <size>0x6</size>
         <input_file_ref idref="fl-10"/>
      </object_component>
      <object_component id="oc-112">
         <name>.ebss</name>
         <uninitialized>true</uninitialized>
         <run_address>0x9a00</run_address>
         <size>0xbe</size>
         <input_file_ref idref="fl-22"/>
      </object_component>
      <object_component id="oc-52">
         <name>.ebss</name>
         <uninitialized>true</uninitialized>
         <run_address>0x9d40</run_address>
         <size>0x54</size>
         <input_file_ref idref="fl-3"/>
      </object_component>
      <object_component id="oc-1c8">
         <name>.ebss</name>
         <uninitialized>true</uninitialized>
         <run_address>0x98fe</run_address>
         <size>0x1</size>
         <input_file_ref idref="fl-3d"/>
      </object_component>
      <object_component id="oc-fb">
         <name>.ebss</name>
         <uninitialized>true</uninitialized>
         <run_address>0x9ac0</run_address>
         <size>0x90</size>
         <input_file_ref idref="fl-1f"/>
      </object_component>
      <object_component id="oc-e9">
         <name>.ebss</name>
         <uninitialized>true</uninitialized>
         <run_address>0x9e40</run_address>
         <size>0x48</size>
         <input_file_ref idref="fl-1c"/>
      </object_component>
      <object_component id="oc-4a">
         <name>.ebss</name>
         <uninitialized>true</uninitialized>
         <run_address>0x9dc0</run_address>
         <size>0x54</size>
         <input_file_ref idref="fl-2"/>
      </object_component>
      <object_component id="oc-59">
         <name>.ebss</name>
         <uninitialized>true</uninitialized>
         <run_address>0x9cbc</run_address>
         <size>0x4</size>
         <input_file_ref idref="fl-4"/>
      </object_component>
      <object_component id="oc-9c">
         <name>.ebss</name>
         <uninitialized>true</uninitialized>
         <run_address>0x9c40</run_address>
         <size>0x7c</size>
         <input_file_ref idref="fl-e"/>
      </object_component>
      <object_component id="oc-ca">
         <name>.ebss</name>
         <uninitialized>true</uninitialized>
         <run_address>0x99c2</run_address>
         <size>0x3e</size>
         <input_file_ref idref="fl-17"/>
      </object_component>
      <object_component id="oc-72">
         <name>.ebss</name>
         <uninitialized>true</uninitialized>
         <run_address>0x96f8</run_address>
         <size>0x8</size>
         <input_file_ref idref="fl-8"/>
      </object_component>
      <object_component id="oc-1a6">
         <name>.ebss</name>
         <uninitialized>true</uninitialized>
         <run_address>0x96f0</run_address>
         <size>0x8</size>
         <input_file_ref idref="fl-36"/>
      </object_component>
      <object_component id="oc-e1">
         <name>.ebss</name>
         <uninitialized>true</uninitialized>
         <run_address>0x9800</run_address>
         <size>0xc6</size>
         <input_file_ref idref="fl-1b"/>
      </object_component>
      <object_component id="oc-94">
         <name>.ebss</name>
         <uninitialized>true</uninitialized>
         <run_address>0x9b50</run_address>
         <size>0x30</size>
         <input_file_ref idref="fl-d"/>
      </object_component>
      <object_component id="oc-ba">
         <name>.ebss</name>
         <uninitialized>true</uninitialized>
         <run_address>0x9d94</run_address>
         <size>0x2c</size>
         <input_file_ref idref="fl-14"/>
      </object_component>
      <object_component id="oc-61">
         <name>.ebss</name>
         <uninitialized>true</uninitialized>
         <run_address>0x9300</run_address>
         <size>0x220</size>
         <input_file_ref idref="fl-5"/>
      </object_component>
      <object_component id="oc-7a">
         <name>.ebss</name>
         <uninitialized>true</uninitialized>
         <run_address>0x9cc0</run_address>
         <size>0x7c</size>
         <input_file_ref idref="fl-9"/>
      </object_component>
      <object_component id="oc-102">
         <name>.ebss</name>
         <uninitialized>true</uninitialized>
         <run_address>0x9ea4</run_address>
         <size>0x1a</size>
         <input_file_ref idref="fl-20"/>
      </object_component>
      <object_component id="oc-8d">
         <name>.ebss</name>
         <uninitialized>true</uninitialized>
         <run_address>0x9b80</run_address>
         <size>0x88</size>
         <input_file_ref idref="fl-c"/>
      </object_component>
      <object_component id="oc-81">
         <name>.ebss</name>
         <uninitialized>true</uninitialized>
         <run_address>0x98c6</run_address>
         <size>0x32</size>
         <input_file_ref idref="fl-a"/>
      </object_component>
      <object_component id="oc-da">
         <name>.ebss</name>
         <uninitialized>true</uninitialized>
         <run_address>0x9c3a</run_address>
         <size>0x4</size>
         <input_file_ref idref="fl-1a"/>
      </object_component>
      <object_component id="oc-228">
         <name>.bss</name>
         <uninitialized>true</uninitialized>
         <run_address>0x9f2c</run_address>
         <size>0x4</size>
         <input_file_ref idref="fl-66"/>
      </object_component>
      <object_component id="oc-1fe">
         <name>.bss</name>
         <uninitialized>true</uninitialized>
         <run_address>0x9f40</run_address>
         <size>0x80</size>
         <input_file_ref idref="fl-5c"/>
      </object_component>
      <object_component id="oc-231">
         <name>.econst:_trqidq_eletable</name>
         <load_address>0x3f15c0</load_address>
         <run_address>0x3f15c0</run_address>
         <size>0xd10</size>
         <input_file_ref idref="fl-6"/>
      </object_component>
      <object_component id="oc-232">
         <name>.econst:_trqidq_gentable</name>
         <load_address>0x3f22d0</load_address>
         <run_address>0x3f22d0</run_address>
         <size>0xd10</size>
         <input_file_ref idref="fl-6"/>
      </object_component>
      <object_component id="oc-13e">
         <name>.econst</name>
         <load_address>0x3f2fe0</load_address>
         <run_address>0x3f2fe0</run_address>
         <size>0x100</size>
         <input_file_ref idref="fl-2a"/>
      </object_component>
      <object_component id="oc-23c">
         <name>.econst:_TMP_MTR_NTC_10K_TAB</name>
         <load_address>0x3f30e0</load_address>
         <run_address>0x3f30e0</run_address>
         <size>0xfb</size>
         <input_file_ref idref="fl-1b"/>
      </object_component>
      <object_component id="oc-23f">
         <name>.econst:_TMP_MTR_NTC_15C054_TAB</name>
         <load_address>0x3f31db</load_address>
         <run_address>0x3f31db</run_address>
         <size>0xfb</size>
         <input_file_ref idref="fl-1b"/>
      </object_component>
      <object_component id="oc-239">
         <name>.econst:_TMP_NTC_TAB</name>
         <load_address>0x3f32d6</load_address>
         <run_address>0x3f32d6</run_address>
         <size>0xa6</size>
         <input_file_ref idref="fl-1b"/>
      </object_component>
      <object_component id="oc-23e">
         <name>.econst:_TMP_MTR_NTC_100K_TAB</name>
         <load_address>0x3f337c</load_address>
         <run_address>0x3f337c</run_address>
         <size>0x98</size>
         <input_file_ref idref="fl-1b"/>
      </object_component>
      <object_component id="oc-233">
         <name>.econst:_trqlmt_eletable</name>
         <load_address>0x3f3414</load_address>
         <run_address>0x3f3414</run_address>
         <size>0x6e</size>
         <input_file_ref idref="fl-6"/>
      </object_component>
      <object_component id="oc-234">
         <name>.econst:_trqlmt_gentable</name>
         <load_address>0x3f3482</load_address>
         <run_address>0x3f3482</run_address>
         <size>0x6e</size>
         <input_file_ref idref="fl-6"/>
      </object_component>
      <object_component id="oc-23b">
         <name>.econst:_TMP_MTR_PT1000_TAB</name>
         <load_address>0x3f34f0</load_address>
         <run_address>0x3f34f0</run_address>
         <size>0x35</size>
         <input_file_ref idref="fl-1b"/>
      </object_component>
      <object_component id="oc-23a">
         <name>.econst:_TMP_MTR_PT100_TAB</name>
         <load_address>0x3f3525</load_address>
         <run_address>0x3f3525</run_address>
         <size>0x35</size>
         <input_file_ref idref="fl-1b"/>
      </object_component>
      <object_component id="oc-23d">
         <name>.econst:_TMP_MTR_NTC_30K_TAB</name>
         <load_address>0x3f355a</load_address>
         <run_address>0x3f355a</run_address>
         <size>0x33</size>
         <input_file_ref idref="fl-1b"/>
      </object_component>
      <object_component id="oc-240">
         <name>.econst:_TMP_MTR_KTY84_150_TAB</name>
         <load_address>0x3f358d</load_address>
         <run_address>0x3f358d</run_address>
         <size>0x19</size>
         <input_file_ref idref="fl-1b"/>
      </object_component>
      <object_component id="oc-238">
         <name>.econst:_encoder_offsetfwd</name>
         <load_address>0x3f35a6</load_address>
         <run_address>0x3f35a6</run_address>
         <size>0xb</size>
         <input_file_ref idref="fl-6"/>
      </object_component>
      <object_component id="oc-237">
         <name>.econst:_encoder_offsetrev</name>
         <load_address>0x3f35b1</load_address>
         <run_address>0x3f35b1</run_address>
         <size>0xb</size>
         <input_file_ref idref="fl-6"/>
      </object_component>
      <object_component id="oc-113">
         <name>.econst</name>
         <load_address>0x3f35bc</load_address>
         <run_address>0x3f35bc</run_address>
         <size>0x4</size>
         <input_file_ref idref="fl-22"/>
      </object_component>
      <object_component id="oc-73">
         <name>.econst</name>
         <load_address>0x3f35c0</load_address>
         <run_address>0x3f35c0</run_address>
         <size>0x4</size>
         <input_file_ref idref="fl-8"/>
      </object_component>
      <object_component id="oc-236">
         <name>.econst:_$P$T0$1</name>
         <load_address>0x3f35c4</load_address>
         <run_address>0x3f35c4</run_address>
         <size>0x1</size>
         <input_file_ref idref="fl-1a"/>
      </object_component>
      <object_component id="oc-241">
         <name>.switch</name>
         <load_address>0x3f3c28</load_address>
         <run_address>0x3f3c28</run_address>
         <size>0x58</size>
         <input_file_ref idref="fl-22"/>
      </object_component>
      <object_component id="oc-235">
         <name>.switch</name>
         <load_address>0x3f3c80</load_address>
         <run_address>0x3f3c80</run_address>
         <size>0x18</size>
         <input_file_ref idref="fl-17"/>
      </object_component>
      <object_component id="oc-1f2">
         <name>IQmath</name>
         <load_address>0x3f3a80</load_address>
         <run_address>0x3f3a80</run_address>
         <size>0x88</size>
         <input_file_ref idref="fl-55"/>
      </object_component>
      <object_component id="oc-1f1">
         <name>IQmath</name>
         <load_address>0x3f3b08</load_address>
         <run_address>0x3f3b08</run_address>
         <size>0x47</size>
         <input_file_ref idref="fl-54"/>
      </object_component>
      <object_component id="oc-1f4">
         <name>IQmath</name>
         <load_address>0x3f3b4f</load_address>
         <run_address>0x3f3b4f</run_address>
         <size>0x47</size>
         <input_file_ref idref="fl-57"/>
      </object_component>
      <object_component id="oc-1f6">
         <name>IQmath</name>
         <load_address>0x3f3b96</load_address>
         <run_address>0x3f3b96</run_address>
         <size>0x42</size>
         <input_file_ref idref="fl-59"/>
      </object_component>
      <object_component id="oc-1f5">
         <name>IQmath</name>
         <load_address>0x3f3bd8</load_address>
         <run_address>0x3f3bd8</run_address>
         <size>0x29</size>
         <input_file_ref idref="fl-58"/>
      </object_component>
      <object_component id="oc-1f3">
         <name>IQmath</name>
         <load_address>0x3f3c01</load_address>
         <run_address>0x3f3c01</run_address>
         <size>0x27</size>
         <input_file_ref idref="fl-56"/>
      </object_component>
      <object_component id="oc-1f7">
         <name>IQmathTables</name>
         <load_address>0x3fe000</load_address>
         <run_address>0x3fe000</run_address>
         <size>0xb50</size>
         <input_file_ref idref="fl-5a"/>
      </object_component>
      <object_component id="oc-1f9">
         <name>.reset</name>
         <load_address>0x3fffc0</load_address>
         <run_address>0x3fffc0</run_address>
         <size>0x2</size>
         <input_file_ref idref="fl-5b"/>
      </object_component>
      <object_component id="oc-62">
         <name>.debug_frame</name>
         <load_address>0x1a10</load_address>
         <run_address>0x1a10</run_address>
         <size>0x23f</size>
         <input_file_ref idref="fl-5"/>
      </object_component>
      <object_component id="oc-7b">
         <name>.debug_frame</name>
         <load_address>0x20a6</load_address>
         <run_address>0x20a6</run_address>
         <size>0x223</size>
         <input_file_ref idref="fl-9"/>
      </object_component>
      <object_component id="oc-149">
         <name>.debug_frame</name>
         <load_address>0x4c82</load_address>
         <run_address>0x4c82</run_address>
         <size>0xcc</size>
         <input_file_ref idref="fl-2c"/>
      </object_component>
      <object_component id="oc-87">
         <name>.debug_frame</name>
         <load_address>0x5134</load_address>
         <run_address>0x5134</run_address>
         <size>0xc6</size>
         <input_file_ref idref="fl-b"/>
      </object_component>
      <object_component id="oc-8e">
         <name>.debug_frame</name>
         <load_address>0x928</load_address>
         <run_address>0x928</run_address>
         <size>0x460</size>
         <input_file_ref idref="fl-c"/>
      </object_component>
      <object_component id="oc-1dc">
         <name>.debug_frame</name>
         <load_address>0x248c</load_address>
         <run_address>0x248c</run_address>
         <size>0x1bd</size>
         <input_file_ref idref="fl-40"/>
      </object_component>
      <object_component id="oc-96">
         <name>.debug_frame</name>
         <load_address>0x36b0</load_address>
         <run_address>0x36b0</run_address>
         <size>0x135</size>
         <input_file_ref idref="fl-d"/>
      </object_component>
      <object_component id="oc-82">
         <name>.debug_frame</name>
         <load_address>0x1e7e</load_address>
         <run_address>0x1e7e</run_address>
         <size>0x228</size>
         <input_file_ref idref="fl-a"/>
      </object_component>
      <object_component id="oc-12f">
         <name>.debug_frame</name>
         <load_address>0x22c9</load_address>
         <run_address>0x22c9</run_address>
         <size>0x1c3</size>
         <input_file_ref idref="fl-27"/>
      </object_component>
      <object_component id="oc-192">
         <name>.debug_frame</name>
         <load_address>0x2649</load_address>
         <run_address>0x2649</run_address>
         <size>0x1b6</size>
         <input_file_ref idref="fl-32"/>
      </object_component>
      <object_component id="oc-db">
         <name>.debug_frame</name>
         <load_address>0x31d0</load_address>
         <run_address>0x31d0</run_address>
         <size>0x139</size>
         <input_file_ref idref="fl-1a"/>
      </object_component>
      <object_component id="oc-104">
         <name>.debug_frame</name>
         <load_address>0x3309</load_address>
         <run_address>0x3309</run_address>
         <size>0x138</size>
         <input_file_ref idref="fl-20"/>
      </object_component>
      <object_component id="oc-1b1">
         <name>.debug_frame</name>
         <load_address>0x49e1</load_address>
         <run_address>0x49e1</run_address>
         <size>0xe5</size>
         <input_file_ref idref="fl-38"/>
      </object_component>
      <object_component id="oc-6c">
         <name>.debug_frame</name>
         <load_address>0x27ff</load_address>
         <run_address>0x27ff</run_address>
         <size>0x199</size>
         <input_file_ref idref="fl-7"/>
      </object_component>
      <object_component id="oc-c2">
         <name>.debug_frame</name>
         <load_address>0x4715</load_address>
         <run_address>0x4715</run_address>
         <size>0xf6</size>
         <input_file_ref idref="fl-15"/>
      </object_component>
      <object_component id="oc-125">
         <name>.debug_frame</name>
         <load_address>0x480b</load_address>
         <run_address>0x480b</run_address>
[...]
      </symbol>
      <symbol id="sm-e65">
         <name>_Is_beta</name>
         <value>0x9e92</value>
         <object_component_ref idref="oc-1cf"/>
      </symbol>
      <symbol id="sm-e66">
         <name>_Iw_fbk_raw</name>
         <value>0x9e90</value>
         <object_component_ref idref="oc-1cf"/>
      </symbol>
      <symbol id="sm-e67">
         <name>_sin_theta</name>
         <value>0x9ea0</value>
         <object_component_ref idref="oc-1cf"/>
      </symbol>
      <symbol id="sm-e68">
         <name>_sub_ad_zero</name>
         <value>0x3f058f</value>
         <object_component_ref idref="oc-1cc"/>
      </symbol>
      <symbol id="sm-e69">
         <name>_sub_spi_init</name>
         <value>0x3f05d8</value>
         <object_component_ref idref="oc-1cc"/>
      </symbol>
      <symbol id="sm-e6a">
         <name>_Iv_fbk_raw</name>
         <value>0x9e96</value>
         <object_component_ref idref="oc-1cf"/>
      </symbol>
      <symbol id="sm-e6b">
         <name>_ADCINT1_ISR</name>
         <value>0x3f0685</value>
         <object_component_ref idref="oc-1cc"/>
      </symbol>
      <symbol id="sm-e6c">
         <name>_Iu_fbk_raw</name>
         <value>0x9e98</value>
         <object_component_ref idref="oc-1cf"/>
      </symbol>
      <symbol id="sm-e6d">
         <name>_Iv_zero</name>
         <value>0x9e8a</value>
         <object_component_ref idref="oc-1cf"/>
      </symbol>
      <symbol id="sm-e6e">
         <name>_sub_ad_init</name>
         <value>0x3f05e5</value>
         <object_component_ref idref="oc-1cc"/>
      </symbol>
      <symbol id="sm-e6f">
         <name>_Iw_zero</name>
         <value>0x9e8b</value>
         <object_component_ref idref="oc-1cf"/>
      </symbol>
      <symbol id="sm-e70">
         <name>_first_adCalib_state_finsh</name>
         <value>0x9e8c</value>
         <object_component_ref idref="oc-1cf"/>
      </symbol>
      <symbol id="sm-e71">
         <name>_sub_adc_handler</name>
         <value>0x8776</value>
         <object_component_ref idref="oc-1d0"/>
      </symbol>
      <symbol id="sm-e72">
         <name>_Iu_zero</name>
         <value>0x9e8e</value>
         <object_component_ref idref="oc-1cf"/>
      </symbol>
      <symbol id="sm-e73">
         <name>_Acor_zero</name>
         <value>0x9e8d</value>
         <object_component_ref idref="oc-1cf"/>
      </symbol>
      <symbol id="sm-e74">
         <name>_Is_alpha</name>
         <value>0x9e94</value>
         <object_component_ref idref="oc-1cf"/>
      </symbol>
      <symbol id="sm-e7c">
         <name>_PWM_Init</name>
         <value>0x3f047e</value>
         <object_component_ref idref="oc-1d4"/>
      </symbol>
      <symbol id="sm-e9f">
         <name>_epwm1_timer_isr</name>
         <value>0x9085</value>
         <object_component_ref idref="oc-1db"/>
      </symbol>
      <symbol id="sm-ea0">
         <name>_cpu_timer0_isr</name>
         <value>0x3f0827</value>
         <object_component_ref idref="oc-1d9"/>
      </symbol>
      <symbol id="sm-ea1">
         <name>_InitMem</name>
         <value>0x3f0783</value>
         <object_component_ref idref="oc-1d9"/>
      </symbol>
      <symbol id="sm-ea2">
         <name>_ConfigCpuTimer2</name>
         <value>0x3f076f</value>
         <object_component_ref idref="oc-1d9"/>
      </symbol>
      <symbol id="sm-ea3">
         <name>_main</name>
         <value>0x3f0796</value>
         <object_component_ref idref="oc-1d9"/>
      </symbol>
      <symbol id="sm-eab">
         <name>_Init_interrupt</name>
         <value>0x3f13a5</value>
         <object_component_ref idref="oc-1df"/>
      </symbol>
      <symbol id="sm-eb3">
         <name>_sub_io_init</name>
         <value>0x3efef1</value>
         <object_component_ref idref="oc-1e4"/>
      </symbol>
      <symbol id="sm-eb8">
         <name>_Flash2803x_Program</name>
         <value>0x3f068e</value>
         <object_component_ref idref="oc-1ea"/>
      </symbol>
      <symbol id="sm-f08">
         <name>_Fl28x_ProgVerify</name>
         <value>0x3f0f1c</value>
         <object_component_ref idref="oc-1eb"/>
      </symbol>
      <symbol id="sm-f1e">
         <name>_Fl28x_ProgPulse</name>
         <value>0x3f0f5a</value>
         <object_component_ref idref="oc-1eb"/>
      </symbol>
      <symbol id="sm-f39">
         <name>_Fl28x_WatchDogDisable</name>
         <value>0x3f152e</value>
         <object_component_ref idref="oc-1ec"/>
      </symbol>
      <symbol id="sm-f3f">
         <name>_Fl28x_DisableNMI</name>
         <value>0x3f1536</value>
         <object_component_ref idref="oc-1ec"/>
      </symbol>
      <symbol id="sm-f54">
         <name>_Fl28x_Delay</name>
         <value>0x3f1575</value>
         <object_component_ref idref="oc-1ed"/>
      </symbol>
      <symbol id="sm-f5e">
         <name>_Fl28x_DisableInt</name>
         <value>0x3f15ac</value>
         <object_component_ref idref="oc-1ee"/>
      </symbol>
      <symbol id="sm-f5f">
         <name>_Fl28x_RestoreInt</name>
         <value>0x3f15b0</value>
         <object_component_ref idref="oc-1ee"/>
      </symbol>
      <symbol id="sm-f61">
         <name>_Fl2803x_Init</name>
         <value>0x3f1503</value>
         <object_component_ref idref="oc-1ef"/>
      </symbol>
      <symbol id="sm-f71">
         <name>_Fl28x_LeaveCmdMode</name>
         <value>0x3f0e15</value>
         <object_component_ref idref="oc-1f0"/>
      </symbol>
      <symbol id="sm-f77">
         <name>_Fl28x_EnterCmdMode</name>
         <value>0x3f0e22</value>
         <object_component_ref idref="oc-1f0"/>
      </symbol>
      <symbol id="sm-f7e">
         <name>_Fl28x_FlashRegSleep</name>
         <value>0x3f0e47</value>
         <object_component_ref idref="oc-1f0"/>
      </symbol>
      <symbol id="sm-f84">
         <name>_Fl28x_OpenPulse</name>
         <value>0x3f0e66</value>
         <object_component_ref idref="oc-1f0"/>
      </symbol>
      <symbol id="sm-f8e">
         <name>_Fl28x_ClosePulse</name>
         <value>0x3f0e77</value>
         <object_component_ref idref="oc-1f0"/>
      </symbol>
      <symbol id="sm-f94">
         <name>_Fl28x_MaskAll</name>
         <value>0x3f0e8e</value>
         <object_component_ref idref="oc-1f0"/>
      </symbol>
      <symbol id="sm-fa6">
         <name>__IQ15div</name>
         <value>0x3f3b08</value>
         <object_component_ref idref="oc-1f1"/>
      </symbol>
      <symbol id="sm-fb0">
         <name>__IQ24atan2PU</name>
         <value>0x3f3a80</value>
         <object_component_ref idref="oc-1f2"/>
      </symbol>
      <symbol id="sm-fba">
         <name>__IQ24cosPU</name>
         <value>0x3f3c01</value>
         <object_component_ref idref="oc-1f3"/>
      </symbol>
      <symbol id="sm-fc5">
         <name>__IQ24div</name>
         <value>0x3f3b4f</value>
         <object_component_ref idref="oc-1f4"/>
      </symbol>
      <symbol id="sm-fcf">
         <name>__IQ24sinPU</name>
         <value>0x3f3bd8</value>
         <object_component_ref idref="oc-1f5"/>
      </symbol>
      <symbol id="sm-fd9">
         <name>__IQ24sqrt</name>
         <value>0x3f3b96</value>
         <object_component_ref idref="oc-1f6"/>
      </symbol>
      <symbol id="sm-fdd">
         <name>_IQ8mpyRndSatTable</name>
         <value>0x3feaf0</value>
         <object_component_ref idref="oc-1f7"/>
      </symbol>
      <symbol id="sm-fde">
         <name>_IQ5mpyRndSatTable</name>
         <value>0x3feb14</value>
         <object_component_ref idref="oc-1f7"/>
      </symbol>
      <symbol id="sm-fdf">
         <name>_IQmpyRndSatTable</name>
         <value>0x3fe9e8</value>
         <object_component_ref idref="oc-1f7"/>
      </symbol>
      <symbol id="sm-fe0">
         <name>_IQ28mpyRndSatTable</name>
         <value>0x3fea00</value>
         <object_component_ref idref="oc-1f7"/>
      </symbol>
      <symbol id="sm-fe1">
         <name>_IQ2mpyRndSatTable</name>
         <value>0x3feb38</value>
         <object_component_ref idref="oc-1f7"/>
      </symbol>
      <symbol id="sm-fe2">
         <name>_IQcosTable</name>
         <value>0x3fe100</value>
         <object_component_ref idref="oc-1f7"/>
      </symbol>
      <symbol id="sm-fe3">
         <name>_IQ17mpyRndSatTable</name>
         <value>0x3fea84</value>
         <object_component_ref idref="oc-1f7"/>
      </symbol>
      <symbol id="sm-fe4">
         <name>_IQ25mpyRndSatTable</name>
         <value>0x3fea24</value>
         <object_component_ref idref="oc-1f7"/>
      </symbol>
      <symbol id="sm-fe5">
         <name>_IQ14mpyRndSatTable</name>
         <value>0x3feaa8</value>
         <object_component_ref idref="oc-1f7"/>
      </symbol>
      <symbol id="sm-fe6">
         <name>_IQ22mpyRndSatTable</name>
         <value>0x3fea48</value>
         <object_component_ref idref="oc-1f7"/>
      </symbol>
      <symbol id="sm-fe7">
         <name>_IQ30mpyRndSatTable</name>
         <value>0x3fe9e8</value>
         <object_component_ref idref="oc-1f7"/>
      </symbol>
      <symbol id="sm-fe8">
         <name>_IQ11mpyRndSatTable</name>
         <value>0x3feacc</value>
         <object_component_ref idref="oc-1f7"/>
      </symbol>
      <symbol id="sm-fe9">
         <name>_IQsinTable</name>
         <value>0x3fe000</value>
         <object_component_ref idref="oc-1f7"/>
      </symbol>
      <symbol id="sm-fea">
         <name>_IQmpyRndSatTableEnd</name>
         <value>0x3feb50</value>
         <object_component_ref idref="oc-1f7"/>
      </symbol>
      <symbol id="sm-feb">
         <name>_IQ7mpyRndSatTable</name>
         <value>0x3feafc</value>
         <object_component_ref idref="oc-1f7"/>
      </symbol>
      <symbol id="sm-fec">
         <name>_IQdivTable</name>
         <value>0x3fe510</value>
         <object_component_ref idref="oc-1f7"/>
      </symbol>
      <symbol id="sm-fed">
         <name>_IQ4mpyRndSatTable</name>
         <value>0x3feb20</value>
         <object_component_ref idref="oc-1f7"/>
      </symbol>
      <symbol id="sm-fee">
         <name>_IQ19mpyRndSatTable</name>
         <value>0x3fea6c</value>
         <object_component_ref idref="oc-1f7"/>
      </symbol>
      <symbol id="sm-fef">
         <name>_IQ27mpyRndSatTable</name>
         <value>0x3fea0c</value>
         <object_component_ref idref="oc-1f7"/>
      </symbol>
      <symbol id="sm-ff0">
         <name>_IQ1mpyRndSatTable</name>
         <value>0x3feb44</value>
         <object_component_ref idref="oc-1f7"/>
      </symbol>
      <symbol id="sm-ff1">
         <name>_IQatan2Table</name>
         <value>0x3fe862</value>
         <object_component_ref idref="oc-1f7"/>
      </symbol>
      <symbol id="sm-ff2">
         <name>_IQ16mpyRndSatTable</name>
         <value>0x3fea90</value>
         <object_component_ref idref="oc-1f7"/>
      </symbol>
      <symbol id="sm-ff3">
         <name>_IQ24mpyRndSatTable</name>
         <value>0x3fea30</value>
         <object_component_ref idref="oc-1f7"/>
      </symbol>
      <symbol id="sm-ff4">
         <name>_IQ13mpyRndSatTable</name>
         <value>0x3feab4</value>
         <object_component_ref idref="oc-1f7"/>
      </symbol>
      <symbol id="sm-ff5">
         <name>_IQ21mpyRndSatTable</name>
         <value>0x3fea54</value>
         <object_component_ref idref="oc-1f7"/>
      </symbol>
      <symbol id="sm-ff6">
         <name>_IQ10mpyRndSatTable</name>
         <value>0x3fead8</value>
         <object_component_ref idref="oc-1f7"/>
      </symbol>
      <symbol id="sm-ff7">
         <name>_IQisqrtTable</name>
         <value>0x3fe722</value>
         <object_component_ref idref="oc-1f7"/>
      </symbol>
      <symbol id="sm-ff8">
         <name>_IQatan2TableEnd</name>
         <value>0x3fe9e8</value>
         <object_component_ref idref="oc-1f7"/>
      </symbol>
      <symbol id="sm-ff9">
         <name>_IQisqrtTableEnd</name>
         <value>0x3fe824</value>
         <object_component_ref idref="oc-1f7"/>
      </symbol>
      <symbol id="sm-ffa">
         <name>_IQ9mpyRndSatTable</name>
         <value>0x3feae4</value>
         <object_component_ref idref="oc-1f7"/>
      </symbol>
      <symbol id="sm-ffb">
         <name>_IQdivTableEnd</name>
         <value>0x3fe712</value>
         <object_component_ref idref="oc-1f7"/>
      </symbol>
      <symbol id="sm-ffc">
         <name>_IQdivRoundSatTable</name>
         <value>0x3fe502</value>
         <object_component_ref idref="oc-1f7"/>
      </symbol>
      <symbol id="sm-ffd">
         <name>_IQatan2HalfPITable</name>
         <value>0x3fe824</value>
         <object_component_ref idref="oc-1f7"/>
      </symbol>
      <symbol id="sm-ffe">
         <name>_IQ6mpyRndSatTable</name>
         <value>0x3feb08</value>
         <object_component_ref idref="oc-1f7"/>
      </symbol>
      <symbol id="sm-fff">
         <name>_IQsqrtTableEnd</name>
         <value>0x3fe824</value>
         <object_component_ref idref="oc-1f7"/>
      </symbol>
      <symbol id="sm-1000">
         <name>_IQ29mpyRndSatTable</name>
         <value>0x3fe9f4</value>
         <object_component_ref idref="oc-1f7"/>
      </symbol>
      <symbol id="sm-1001">
         <name>_IQsqrtTable</name>
         <value>0x3fe722</value>
         <object_component_ref idref="oc-1f7"/>
      </symbol>
      <symbol id="sm-1002">
         <name>_IQcosTableEnd</name>
         <value>0x3fe502</value>
         <object_component_ref idref="oc-1f7"/>
      </symbol>
      <symbol id="sm-1003">
         <name>_IQsqrtRoundSatTable</name>
         <value>0x3fe712</value>
         <object_component_ref idref="oc-1f7"/>
      </symbol>
      <symbol id="sm-1004">
         <name>_IQ3mpyRndSatTable</name>
         <value>0x3feb2c</value>
         <object_component_ref idref="oc-1f7"/>
      </symbol>
      <symbol id="sm-1005">
         <name>_IQsinTableEnd</name>
         <value>0x3fe400</value>
         <object_component_ref idref="oc-1f7"/>
      </symbol>
      <symbol id="sm-1006">
         <name>_IQisqrtRoundSatTable</name>
         <value>0x3fe712</value>
         <object_component_ref idref="oc-1f7"/>
      </symbol>
      <symbol id="sm-1007">
         <name>_IQ18mpyRndSatTable</name>
         <value>0x3fea78</value>
         <object_component_ref idref="oc-1f7"/>
      </symbol>
      <symbol id="sm-1008">
         <name>_IQ26mpyRndSatTable</name>
         <value>0x3fea18</value>
         <object_component_ref idref="oc-1f7"/>
      </symbol>
      <symbol id="sm-1009">
         <name>_IQ15mpyRndSatTable</name>
         <value>0x3fea9c</value>
         <object_component_ref idref="oc-1f7"/>
      </symbol>
      <symbol id="sm-100a">
         <name>_IQ23mpyRndSatTable</name>
         <value>0x3fea3c</value>
         <object_component_ref idref="oc-1f7"/>
      </symbol>
      <symbol id="sm-100b">
         <name>_IQ12mpyRndSatTable</name>
         <value>0x3feac0</value>
         <object_component_ref idref="oc-1f7"/>
      </symbol>
      <symbol id="sm-100c">
         <name>_IQ20mpyRndSatTable</name>
         <value>0x3fea60</value>
         <object_component_ref idref="oc-1f7"/>
      </symbol>
      <symbol id="sm-1018">
         <name>_c_int00</name>
         <value>0x3f128a</value>
         <object_component_ref idref="oc-46"/>
      </symbol>
      <symbol id="sm-1024">
         <name>_atexit</name>
         <value>0x3f1330</value>
         <object_component_ref idref="oc-1fd"/>
      </symbol>
      <symbol id="sm-1025">
         <name>__dtors_ptr</name>
         <value>0x9f42</value>
         <object_component_ref idref="oc-1fe"/>
      </symbol>
      <symbol id="sm-1026">
         <name>__cleanup_ptr</name>
         <value>0x9f44</value>
         <object_component_ref idref="oc-1fe"/>
      </symbol>
      <symbol id="sm-1027">
         <name>_abort</name>
         <value>0x3f134b</value>
         <object_component_ref idref="oc-1fd"/>
      </symbol>
      <symbol id="sm-1028">
         <name>C$$EXIT</name>
         <value>0x3f132e</value>
         <object_component_ref idref="oc-1fd"/>
      </symbol>
      <symbol id="sm-1029">
         <name>_exit</name>
         <value>0x3f130f</value>
         <object_component_ref idref="oc-1fd"/>
      </symbol>
      <symbol id="sm-1031">
         <name>FD$$MPY</name>
         <value>0x3f0e99</value>
         <object_component_ref idref="oc-203"/>
      </symbol>
      <symbol id="sm-1039">
         <name>FD$$TOL</name>
         <value>0x3f1491</value>
         <object_component_ref idref="oc-207"/>
      </symbol>
      <symbol id="sm-1041">
         <name>FS$$MPY</name>
         <value>0x3f10fd</value>
         <object_component_ref idref="oc-20b"/>
      </symbol>
      <symbol id="sm-1049">
         <name>FS$$TOL</name>
         <value>0x3f13f9</value>
         <object_component_ref idref="oc-20f"/>
      </symbol>
      <symbol id="sm-1051">
         <name>I$$DIV</name>
         <value>0x3f146f</value>
         <object_component_ref idref="oc-213"/>
      </symbol>
      <symbol id="sm-1052">
         <name>I$$MOD</name>
         <value>0x3f1480</value>
         <object_component_ref idref="oc-213"/>
      </symbol>
      <symbol id="sm-105a">
         <name>L$$DIV</name>
         <value>0x3f13cf</value>
         <object_component_ref idref="oc-217"/>
      </symbol>
      <symbol id="sm-105b">
         <name>L$$MOD</name>
         <value>0x3f13de</value>
         <object_component_ref idref="oc-217"/>
      </symbol>
      <symbol id="sm-105c">
         <name>UL$$DIV</name>
         <value>0x3f13ec</value>
         <object_component_ref idref="oc-217"/>
      </symbol>
      <symbol id="sm-105d">
         <name>UL$$MOD</name>
         <value>0x3f13f3</value>
         <object_component_ref idref="oc-217"/>
      </symbol>
      <symbol id="sm-1065">
         <name>L$$TOFD</name>
         <value>0x3f14cd</value>
         <object_component_ref idref="oc-21b"/>
      </symbol>
      <symbol id="sm-106d">
         <name>___memcpy</name>
         <value>0x3f12d1</value>
         <object_component_ref idref="oc-21f"/>
      </symbol>
      <symbol id="sm-106e">
         <name>_memcpy</name>
         <value>0x3f12ce</value>
         <object_component_ref idref="oc-21f"/>
      </symbol>
      <symbol id="sm-106f">
         <name>___memcpy_ff</name>
         <value>0x3f12ef</value>
         <object_component_ref idref="oc-21f"/>
      </symbol>
      <symbol id="sm-1070">
         <name>___memcpy_fn</name>
         <value>0x3f12e5</value>
         <object_component_ref idref="oc-21f"/>
      </symbol>
      <symbol id="sm-1071">
         <name>___memcpy_nf</name>
         <value>0x3f12db</value>
         <object_component_ref idref="oc-21f"/>
      </symbol>
      <symbol id="sm-1079">
         <name>U$$DIV</name>
         <value>0x3f1582</value>
         <object_component_ref idref="oc-223"/>
      </symbol>
      <symbol id="sm-107a">
         <name>U$$MOD</name>
         <value>0x3f1587</value>
         <object_component_ref idref="oc-223"/>
      </symbol>
      <symbol id="sm-1086">
         <name>__register_lock</name>
         <value>0x3f15b4</value>
         <object_component_ref idref="oc-227"/>
      </symbol>
      <symbol id="sm-1087">
         <name>__register_unlock</name>
         <value>0x3f15b7</value>
         <object_component_ref idref="oc-227"/>
      </symbol>
      <symbol id="sm-1088">
         <name>__lock</name>
         <value>0x9f2e</value>
         <object_component_ref idref="oc-228"/>
      </symbol>
      <symbol id="sm-1089">
         <name>__nop</name>
         <value>0x3f15b3</value>
         <object_component_ref idref="oc-227"/>
      </symbol>
      <symbol id="sm-108a">
         <name>__unlock</name>
         <value>0x9f2c</value>
         <object_component_ref idref="oc-228"/>
      </symbol>
      <symbol id="sm-1092">
         <name>__args_main</name>
         <value>0x3f1565</value>
         <object_component_ref idref="oc-22d"/>
      </symbol>
   </symbol_table>
</link_info>
